MSBuild-Version 18.5.4+cb4e32d21 für .NET Framework

  gl_rmain.c
     Bibliothek "C:\Projects\ironwail\Windows\VisualStudio\Build-ironwail\bin\x64\Release\ironwail.lib" und Objekt "C:\Projects\ironwail\Windows\VisualStudio\Build-ironwail\bin\x64\Release\ironwail.exp" werden erstellt.
  Code wird generiert.
  16 of 4693 functions ( 0.3%) were compiled, the rest were copied from previous compilation.
    0 functions were new in current compilation
    104 functions had inline decision re-evaluated but remain unchanged
  Codegenerierung ist abgeschlossen.
  ironwail.vcxproj -> C:\Projects\ironwail\Windows\VisualStudio\Build-ironwail\bin\x64\Release\ironwail.exe
  C:\Projects\ironwail\Windows\VisualStudio\\..\codecs\x64\libFLAC-8.dll
  C:\Projects\ironwail\Windows\VisualStudio\\..\codecs\x64\libmad-0.dll
  C:\Projects\ironwail\Windows\VisualStudio\\..\codecs\x64\libmikmod-3.dll
  C:\Projects\ironwail\Windows\VisualStudio\\..\codecs\x64\libmpg123-0.dll
  C:\Projects\ironwail\Windows\VisualStudio\\..\codecs\x64\libogg-0.dll
  C:\Projects\ironwail\Windows\VisualStudio\\..\codecs\x64\libopus-0.dll
  C:\Projects\ironwail\Windows\VisualStudio\\..\codecs\x64\libopusfile-0.dll
  C:\Projects\ironwail\Windows\VisualStudio\\..\codecs\x64\libvorbis-0.dll
  C:\Projects\ironwail\Windows\VisualStudio\\..\codecs\x64\libvorbisfile-3.dll
  C:\Projects\ironwail\Windows\VisualStudio\\..\codecs\x64\libxmp.dll
         10 Datei(en) kopiert.
  C:\Projects\ironwail\Windows\VisualStudio\\..\SDL2\lib64\SDL2.dll
          1 Datei(en) kopiert.
  C:\Projects\ironwail\Windows\VisualStudio\\..\curl\lib\x64\libcurl.dll
          1 Datei(en) kopiert.
  C:\Projects\ironwail\Windows\VisualStudio\..\zlib\x64\zlib1.dll
          1 Datei(en) kopiert.
  ref_vk_plugin.c
     Bibliothek "C:\Projects\ironwail\Windows\VisualStudio\Build-ironwail\bin\x64\Release\ref_vk.lib" und Objekt "C:\Projects\ironwail\Windows\VisualStudio\Build-ironwail\bin\x64\Release\ref_vk.exp" werden erstellt.
  ref_dx12_plugin.c
     Bibliothek "C:\Projects\ironwail\Windows\VisualStudio\Build-ironwail\bin\x64\Release\ref_dx12.lib" und Objekt "C:\Projects\ironwail\Windows\VisualStudio\Build-ironwail\bin\x64\Release\ref_dx12.exp" werden erstellt.
  gl_rmain.c
     Bibliothek "C:\Projects\ironwail\Windows\VisualStudio\Build-ironwail\bin\x64\Release\ref_gl.lib" und Objekt "C:\Projects\ironwail\Windows\VisualStudio\Build-ironwail\bin\x64\Release\ref_gl.exp" werden erstellt.
  Code wird generiert.
  Previous IPDB and IOBJ mismatch, fall back to full compilation.
  All 1530 functions were compiled because no usable IPDB/IOBJ from previous compilation was found.
  Codegenerierung ist abgeschlossen.
  ref_gl.vcxproj -> C:\Projects\ironwail\Windows\VisualStudio\Build-ironwail\bin\x64\Release\ref_gl.dll
