==========================================
Build + Deploy Ironwail (Release x64)
==========================================
[INFO] Repo-Basis: C:\projects\ironwail\
[INFO] Build-Log: C:\projects\ironwail\build-logs\latest-build.log
[INFO] Diagnose-Log: C:\projects\ironwail\build-logs\latest-diagnostics.log
[INFO] Arbeitsverzeichnis: C:\projects\ironwail
[INFO] Solution-Datei gefunden: Windows\VisualStudio\ironwail.sln
[INFO] Projektdatei gefunden: Windows\VisualStudio\ironwail.vcxproj
[INFO] Sammle Diagnosedaten...
==== Environment ====
DATE=01.04.2026
TIME=23:18:50,05
CD=C:\projects\ironwail
PROCESSOR_ARCHITECTURE=AMD64
VisualStudioVersion=
VSINSTALLDIR=
PATH=C:\Program Files (x86)\Common Files\Oracle\Java\java8path;C:\Program Files (x86)\Common Files\Oracle\Java\javapath;C:\Program Files\Microsoft\jdk-25.0.1.8-hotspot\bin;C:\WINDOWS\system32;C:\WINDOWS;C:\WINDOWS\System32\Wbem;C:\WINDOWS\System32\WindowsPowerShell\v1.0\;C:\WINDOWS\System32\OpenSSH\;C:\Program Files\Git\cmd;C:\Program Files (x86)\Windows Kits\10\Windows Performance Toolkit\;C:\Users\Chris\AppData\Local\Microsoft\WindowsApps;

==== Toolset hints from Windows\VisualStudio\ironwail.vcxproj ====
25:    <WindowsTargetPlatformVersion>10.0</WindowsTargetPlatformVersion>
30:    <PlatformToolset>v145</PlatformToolset>
36:    <PlatformToolset>v145</PlatformToolset>
41:    <PlatformToolset>v145</PlatformToolset>
47:    <PlatformToolset>v145</PlatformToolset>

==== where cl ====
INFORMATION: Es konnten keine Dateien mit dem angegebenen
Muster gefunden werden.

==== where link ====
INFORMATION: Es konnten keine Dateien mit dem angegebenen
Muster gefunden werden.
[INFO] vswhere gefunden: C:\Program Files (x86)\Microsoft Visual Studio\Installer\vswhere.exe
==== vswhere products ====
Visual Studio Locator version 3.1.7+f39851e70f [query version 4.3.2028.6109]
Copyright (C) Microsoft Corporation. All rights reserved.

instanceId: a325b1e1
installDate: 28.03.2026 12:25:52
installationName: VisualStudio/18.4.2+11620.152
installationPath: C:\Program Files\Microsoft Visual Studio\18\Community
installationVersion: 18.4.11620.152
productId: Microsoft.VisualStudio.Product.Community
productPath: C:\Program Files\Microsoft Visual Studio\18\Community\Common7\IDE\devenv.exe
state: 4294967295
isComplete: 1
isLaunchable: 1
isPrerelease: 0
isRebootRequired: 0
displayName: Visual Studio Community 2026
description: Alles, was Sie zum Erstellen moderner Apps benîtigen - kostenlos fÅr Sie, entwickelt fÅr Wirkung.
channelId: VisualStudio.18.Release
channelUri: https://aka.ms/vs/18/stable/channel
enginePath: C:\Program Files (x86)\Microsoft Visual Studio\Installer\resources\app\ServiceHub\Services\Microsoft.VisualStudio.Setup.Service
expirationDate: 2026-06-18T17:00:00+00:00
installedChannelId: VisualStudio.18.Release
installedChannelUri: https://aka.ms/vs/18/stable/channel
releaseNotes: https://docs.microsoft.com/en-us/visualstudio/releases/18/release-notes-v18.4#18.4.2
resolvedInstallationPath: C:\Program Files\Microsoft Visual Studio\18\Community
retirementDate: 2026-09-16T17:00:00+00:00
thirdPartyNotices: https://go.microsoft.com/fwlink/?LinkId=661480
updateDate: 2026-03-28T11:25:52.9613689Z
catalog_buildBranch: stable
catalog_buildVersion: 18.4.11620.152
catalog_featureReleaseMonth: 03
catalog_featureReleaseYear: 2026
catalog_id: VisualStudio/18.4.2+11620.152
catalog_includeBuildVersionInDisplayVersion: False
catalog_localBuild: build-lab
catalog_manifestName: VisualStudio
catalog_manifestType: installer
catalog_productDisplayVersion: 18.4.2
catalog_productLine: Dev18
catalog_productLineVersion: 18
catalog_productMilestone: RTW
catalog_productMilestoneIsPreRelease: False
catalog_productName: Visual Studio
catalog_productPatchVersion: 2
catalog_productPreReleaseMilestoneSuffix: 1.0
catalog_productRelease: RTW
catalog_productSemanticVersion: 18.4.2+11620.152
catalog_requiredEngineVersion: 4.4.38.63497
properties_appLocalWPF: false
properties_campaignId: 2500:25ab2cd82f8348b9b3a1a8d086835213
properties_channelManifestId: VisualStudio.18.Release/18.4.2+11620.152
properties_includeRecommended: 1
properties_nickname: 
properties_setupEngineFilePath: C:\Program Files (x86)\Microsoft Visual Studio\Installer\setup.exe
[INFO] Verwende MSBuild: C:\Program Files\Microsoft Visual Studio\18\Community\MSBuild\Current\Bin\MSBuild.exe
[INFO] MSBuild-Version:
MSBuild-Version 18.4.0+6e61e96ac f√ºr .NET Framework
18.4.0.7901
        MSBuild-Version 18.4.0+6e61e96ac f√ºr .NET Framework
        18.4.0.7901
[1/6] Clean + Build \"Windows\VisualStudio\ironwail.sln\" (Release x64)...
[2/6] Stelle Deploy-Ordner sicher...
[3/6] Kopiere Executable...
[4/6] Kopiere Runtime-DLLs (optional)...
[5/6] Kopiere id1-Assets...
[WARN] Asset-Ordner fehlt, ueberspringe: Quake\game
[INFO] Kopiere id1/shaders...
[INFO] Kopiere id1/sounddefs...
[INFO] Kopiere id1/materials...
[INFO] Kopiere id1/particles...
[INFO] Kopiere id1/music...
[6/6] Kopiere Root-Assets...
[INFO] Kopiere ironwail.pak...
[OK] Fertig. Deploy unter: C:\Quake\rerelease
